
===== 2026-08-12T16:46:33+05:30 (dry run) =====
==========================================================================
  OBJ-016 daily refresh — DRY RUN (nothing will change)
  2026-08-12T16:46:33+05:30
==========================================================================
[ DRY  ] pull pam/ (developer repo): would run: git pull --ff-only  (35.8.29_Hotfix <- origin/35.8.29_Hotfix, at 12234f037, tree clean)
[ DRY  ] fetch automation repo (report only): would run: git fetch origin --prune  (on AI, 98 uncommitted, 1 stash). Never a pull or merge — AI has no upstream
[ DRY  ] drift check: would run: obj013_loop.py check --json (read-only, offline)
[ DRY  ] rag evidence index: would run: obj013_rag_ingest.py --apply
[ DRY  ] dashboard datasets: would run the generator; its self-verification currently FAILS — fix before scheduling
[ DRY  ] refresh stamp: would write data/refresh.json for the UI
--------------------------------------------------------------------------
  6 dry-run
  elapsed 5.4s · OK
  Nothing was changed. Re-run with --execute.
==========================================================================
result: OK

===== 2026-08-12T16:50:30+05:30 (execute) =====
==========================================================================
  OBJ-016 daily refresh — EXECUTE
  2026-08-12T16:50:30+05:30
==========================================================================
[  OK  ] pull pam/ (developer repo): fast-forwarded 12234f037 -> a6a7620b1; packfiles grew 6.4 MB; tree clean
[  OK  ] fetch automation repo (report only): fetched origin. AI is 0 ahead / 15 behind origin/Dev; 98 uncommitted files and 1 stash left untouched. ⛔ Not merged — that is the owner's decision
[  OK  ] drift check: 23 clean · 3 open (? critical). Reported, not auto-fixed
[  OK  ] rag evidence index: wrote 581 sections from 45 sources.
[  OK  ] dashboard datasets: regenerated 14 datasets; all self-checks against the run workbook pass
[  OK  ] refresh stamp: wrote refresh.json (ok=True)
--------------------------------------------------------------------------
  6 ok
  elapsed 15.8s · OK
==========================================================================
result: OK

===== 2026-08-12T16:53:38+05:30 (execute) =====
==========================================================================
  OBJ-016 daily refresh — EXECUTE
  2026-08-12T16:53:38+05:30
==========================================================================
[  OK  ] pull pam/ (developer repo): already up to date at a6a7620b1; tree clean
[  OK  ] fetch automation repo (report only): fetched origin. AI is 0 ahead / 15 behind origin/Dev; 98 uncommitted files and 1 stash left untouched. ⛔ Not merged — that is the owner's decision
[  OK  ] drift check: ran, but the JSON summary could not be parsed — see daily.log
[ FAIL ] rag evidence index: exit 1: UnicodeEncodeError: 'charmap' codec can't encode character '\u26d4' in position 2: character maps to <undefined>
[  OK  ] dashboard datasets: regenerated 14 datasets; all self-checks against the run workbook pass
[  OK  ] refresh stamp: wrote refresh.json (ok=False)
--------------------------------------------------------------------------
  1 failed · 5 ok
  elapsed 12.1s · FAILED
==========================================================================
result: FAILED

===== 2026-08-12T16:55:28+05:30 (execute) =====
==========================================================================
  OBJ-016 daily refresh — EXECUTE
  2026-08-12T16:55:28+05:30
==========================================================================
[  OK  ] pull pam/ (developer repo): already up to date at a6a7620b1; tree clean
[  OK  ] fetch automation repo (report only): fetched origin. AI is 0 ahead / 15 behind origin/Dev; 98 uncommitted files and 1 stash left untouched. ⛔ Not merged — that is the owner's decision
[  OK  ] drift check: 23 clean · 3 open (2 critical, 0 high). Reported, not auto-fixed
[  OK  ] rag evidence index: wrote 581 sections from 45 sources.
[  OK  ] dashboard datasets: regenerated 14 datasets; all self-checks against the run workbook pass
[  OK  ] refresh stamp: wrote refresh.json (ok=True)
--------------------------------------------------------------------------
  6 ok
  elapsed 13.8s · OK
==========================================================================
result: OK

===== 2026-08-12T16:57:21+05:30 (execute) =====
==========================================================================
  OBJ-016 daily refresh — EXECUTE
  2026-08-12T16:57:21+05:30
==========================================================================
[  OK  ] pull pam/ (developer repo): already up to date at a6a7620b1; tree clean
[  OK  ] fetch automation repo (report only): fetched origin. AI is 0 ahead / 15 behind origin/Dev; 98 uncommitted files and 1 stash left untouched. ⛔ Not merged — that is the owner's decision
[  OK  ] drift check: 23 clean · 3 open (2 critical, 0 high). Reported, not auto-fixed
[  OK  ] rag evidence index: wrote 581 sections from 45 sources.
[  OK  ] dashboard datasets: regenerated 14 datasets; all self-checks against the run workbook pass
[  OK  ] refresh stamp: wrote refresh.json (ok=True)
--------------------------------------------------------------------------
  6 ok
  elapsed 11.9s · OK
==========================================================================
result: OK

===== 2026-08-13T08:30:02+05:30 (execute) =====
==========================================================================
  OBJ-016 daily refresh — EXECUTE
  2026-08-13T08:30:02+05:30
==========================================================================
[  OK  ] pull pam/ (developer repo): fast-forwarded a6a7620b1 -> e70e7e6a5; packfiles grew 0.0 MB; tree clean
[  OK  ] fetch automation repo (report only): fetched origin. AI is 0 ahead / 15 behind origin/Dev; 98 uncommitted files and 1 stash left untouched. ⛔ Not merged — that is the owner's decision
[  OK  ] drift check: 23 clean · 3 open (2 critical, 0 high). Reported, not auto-fixed
[  OK  ] rag evidence index: wrote 585 sections from 45 sources.
[  OK  ] dashboard datasets: regenerated 14 datasets; all self-checks against the run workbook pass
[  OK  ] refresh stamp: wrote refresh.json (ok=True)
--------------------------------------------------------------------------
  6 ok
  elapsed 12.7s · OK
==========================================================================
result: OK

===== 2026-08-14T08:30:02+05:30 (execute) =====
==========================================================================
  OBJ-016 daily refresh — EXECUTE
  2026-08-14T08:30:02+05:30
==========================================================================
[  OK  ] pull pam/ (developer repo): fast-forwarded e70e7e6a5 -> c9c374e2d; packfiles grew 374.3 MB; tree clean
[  OK  ] fetch automation repo (report only): fetched origin. AI is 0 ahead / 2 behind origin/Dev. ⛔ Not merged — that is the owner's decision
[  OK  ] drift check: 23 clean · 3 open (2 critical, 0 high). Reported, not auto-fixed
[  OK  ] rag evidence index: wrote 585 sections from 45 sources.
[  OK  ] dashboard datasets: regenerated 14 datasets; all self-checks against the run workbook pass
[  OK  ] refresh stamp: wrote refresh.json (ok=True)
--------------------------------------------------------------------------
  6 ok
  elapsed 77.0s · OK
==========================================================================
result: OK

===== 2026-08-15T08:30:02+05:30 (execute) =====
==========================================================================
  OBJ-016 daily refresh — EXECUTE
  2026-08-15T08:30:02+05:30
==========================================================================
[  OK  ] pull pam/ (developer repo): fast-forwarded c9c374e2d -> 74e6e8fc8; packfiles grew 0.6 MB; tree clean
[  OK  ] fetch automation repo (report only): fetched origin. Dev is 0 ahead / 3 behind origin/Dev; 3 uncommitted files and 1 stash left untouched. ⛔ Not merged — that is the owner's decision
[  OK  ] drift check: 23 clean · 3 open (2 critical, 0 high). Reported, not auto-fixed
[  OK  ] rag evidence index: wrote 589 sections from 45 sources.
[  OK  ] dashboard datasets: regenerated 14 datasets; all self-checks against the run workbook pass
[  OK  ] refresh stamp: wrote refresh.json (ok=True)
--------------------------------------------------------------------------
  6 ok
  elapsed 23.1s · OK
==========================================================================
result: OK

===== 2026-08-16T08:30:02+05:30 (execute) =====
==========================================================================
  OBJ-016 daily refresh — EXECUTE
  2026-08-16T08:30:02+05:30
==========================================================================
[  OK  ] pull pam/ (developer repo): already up to date at 74e6e8fc8; tree clean
[  OK  ] fetch automation repo (report only): fetched origin. Dev is 0 ahead / 3 behind origin/Dev; 3 uncommitted files and 1 stash left untouched. ⛔ Not merged — that is the owner's decision
[  OK  ] drift check: 23 clean · 3 open (2 critical, 0 high). Reported, not auto-fixed
[  OK  ] rag evidence index: wrote 589 sections from 45 sources.
[  OK  ] dashboard datasets: regenerated 14 datasets; all self-checks against the run workbook pass
[  OK  ] refresh stamp: wrote refresh.json (ok=True)
--------------------------------------------------------------------------
  6 ok
  elapsed 12.8s · OK
==========================================================================
result: OK

===== 2026-08-17T08:30:02+05:30 (execute) =====
==========================================================================
  OBJ-016 daily refresh — EXECUTE
  2026-08-17T08:30:02+05:30
==========================================================================
[  OK  ] pull pam/ (developer repo): already up to date at 74e6e8fc8; tree clean
[  OK  ] fetch automation repo (report only): fetched origin. Dev is 0 ahead / 3 behind origin/Dev; 3 uncommitted files and 1 stash left untouched. ⛔ Not merged — that is the owner's decision
[  OK  ] drift check: 23 clean · 3 open (2 critical, 0 high). Reported, not auto-fixed
[  OK  ] rag evidence index: wrote 589 sections from 45 sources.
[  OK  ] dashboard datasets: regenerated 14 datasets; all self-checks against the run workbook pass
[  OK  ] refresh stamp: wrote refresh.json (ok=True)
--------------------------------------------------------------------------
  6 ok
  elapsed 12.6s · OK
==========================================================================
result: OK

===== 2026-08-19T08:30:02+05:30 (execute) =====
==========================================================================
  OBJ-016 daily refresh — EXECUTE
  2026-08-19T08:30:02+05:30
==========================================================================
[  OK  ] pull pam/ (developer repo): fast-forwarded 74e6e8fc8 -> 11b49aa2e; packfiles grew 2.9 MB; tree clean
[  OK  ] fetch automation repo (report only): fetched origin. Dev is 0 ahead / 0 behind origin/Dev; 2 uncommitted files and 1 stash left untouched. ⛔ Not merged — that is the owner's decision
[  OK  ] drift check: 21 clean · 5 open (2 critical, 2 high). Reported, not auto-fixed
[  OK  ] rag evidence index: wrote 607 sections from 46 sources.
[ FAIL ] dashboard datasets: generator exited 1 — its self-check against the run workbook did not pass. VERIFICATION FAILED
[  OK  ] refresh stamp: wrote refresh.json (ok=False)
--------------------------------------------------------------------------
  1 failed · 5 ok
  elapsed 27.2s · FAILED
==========================================================================
result: FAILED

===== 2026-08-20T08:30:02+05:30 (execute) =====
==========================================================================
  OBJ-016 daily refresh — EXECUTE
  2026-08-20T08:30:02+05:30
==========================================================================
[  OK  ] pull pam/ (developer repo): fast-forwarded 11b49aa2e -> 13f46e6cd; packfiles grew 0.0 MB; tree clean
[  OK  ] fetch automation repo (report only): fetched origin. Dev is 0 ahead / 4 behind origin/Dev. ⛔ Not merged — that is the owner's decision
[  OK  ] drift check: 21 clean · 5 open (2 critical, 2 high). Reported, not auto-fixed
[  OK  ] rag evidence index: wrote 609 sections from 46 sources.
[  OK  ] dashboard datasets: regenerated 15 datasets; all self-checks against the run workbook pass
[  OK  ] refresh stamp: wrote refresh.json (ok=True)
--------------------------------------------------------------------------
  6 ok
  elapsed 14.5s · OK
==========================================================================
result: OK

===== 2026-08-21T08:30:02+05:30 (execute) =====
==========================================================================
  OBJ-016 daily refresh — EXECUTE
  2026-08-21T08:30:02+05:30
==========================================================================
[  OK  ] pull pam/ (developer repo): fast-forwarded 13f46e6cd -> 2bd71319d; packfiles grew -1.6 MB; tree clean
[  OK  ] fetch automation repo (report only): fetched origin. Dev is 0 ahead / 6 behind origin/Dev. ⛔ Not merged — that is the owner's decision
[  OK  ] drift check: 21 clean · 5 open (2 critical, 2 high). Reported, not auto-fixed
[  OK  ] rag evidence index: wrote 610 sections from 46 sources.
[  OK  ] dashboard datasets: regenerated 15 datasets; all self-checks against the run workbook pass
[  OK  ] refresh stamp: wrote refresh.json (ok=True)
--------------------------------------------------------------------------
  6 ok
  elapsed 26.1s · OK
==========================================================================
result: OK

===== 2026-08-24T11:06:58+05:30 (execute) =====
==========================================================================
  OBJ-016 daily refresh — EXECUTE
  2026-08-24T11:06:58+05:30
==========================================================================
[ SKIP ] git: --skip-git was passed
[  OK  ] drift check: 20 clean · 6 open (2 critical, 3 high). Reported, not auto-fixed
[  OK  ] rag evidence index: wrote 613 sections from 46 sources.
[  OK  ] dashboard datasets: regenerated 15 datasets; all self-checks against the run workbook pass
[  OK  ] refresh stamp: wrote refresh.json (ok=True)
--------------------------------------------------------------------------
  4 ok · 1 skipped
  elapsed 10.5s · OK
==========================================================================
result: OK

===== 2026-08-25T08:30:02+05:30 (execute) =====
==========================================================================
  OBJ-016 daily refresh — EXECUTE
  2026-08-25T08:30:02+05:30
==========================================================================
[  OK  ] pull pam/ (developer repo): already up to date at 8f870f851; tree clean
[  OK  ] fetch automation repo (report only): fetched origin. Dev is 0 ahead / 1 behind origin/Dev. ⛔ Not merged — that is the owner's decision
[  OK  ] drift check: 20 clean · 6 open (2 critical, 3 high). Reported, not auto-fixed
[  OK  ] rag evidence index: wrote 615 sections from 46 sources.
[  OK  ] dashboard datasets: regenerated 15 datasets; all self-checks against the run workbook pass
[  OK  ] refresh stamp: wrote refresh.json (ok=True)
--------------------------------------------------------------------------
  6 ok
  elapsed 54.6s · OK
==========================================================================
result: OK

===== 2026-08-26T08:30:02+05:30 (execute) =====
==========================================================================
  OBJ-016 daily refresh — EXECUTE
  2026-08-26T08:30:02+05:30
==========================================================================
[  OK  ] pull pam/ (developer repo): fast-forwarded 8f870f851 -> ec1314529; packfiles grew 1.1 MB; tree clean
[  OK  ] fetch automation repo (report only): fetched origin. Dev is 0 ahead / 1 behind origin/Dev. ⛔ Not merged — that is the owner's decision
[  OK  ] drift check: 18 clean · 8 open (2 critical, 2 high). Reported, not auto-fixed
[  OK  ] rag evidence index: wrote 592 sections from 45 sources.
[  OK  ] dashboard datasets: regenerated 15 datasets; all self-checks against the run workbook pass
[  OK  ] refresh stamp: wrote refresh.json (ok=True)
--------------------------------------------------------------------------
  6 ok
  elapsed 32.5s · OK
==========================================================================
result: OK

===== 2026-08-27T08:30:02+05:30 (execute) =====
==========================================================================
  OBJ-016 daily refresh — EXECUTE
  2026-08-27T08:30:02+05:30
==========================================================================
[  OK  ] pull pam/ (developer repo): fast-forwarded ec1314529 -> 561b9d793; packfiles grew 376.6 MB; tree clean
[  OK  ] fetch automation repo (report only): fetched origin. Dev is 0 ahead / 1 behind origin/Dev. ⛔ Not merged — that is the owner's decision
[  OK  ] drift check: 23 clean · 2 open (2 critical, 0 high). Reported, not auto-fixed
[  OK  ] rag evidence index: wrote 592 sections from 45 sources.
[  OK  ] dashboard datasets: regenerated 15 datasets; all self-checks against the run workbook pass
[  OK  ] refresh stamp: wrote refresh.json (ok=True)
--------------------------------------------------------------------------
  6 ok
  elapsed 76.6s · OK
==========================================================================
result: OK

===== 2026-08-28T08:30:02+05:30 (execute) =====
==========================================================================
  OBJ-016 daily refresh — EXECUTE
  2026-08-28T08:30:02+05:30
==========================================================================
[  OK  ] pull pam/ (developer repo): fast-forwarded 561b9d793 -> 6f63b133b; packfiles grew -977.1 MB; tree clean
[  OK  ] fetch automation repo (report only): fetched origin. Dev is 0 ahead / 6 behind origin/Dev. ⛔ Not merged — that is the owner's decision
[  OK  ] drift check: 23 clean · 2 open (2 critical, 0 high). Reported, not auto-fixed
[  OK  ] rag evidence index: wrote 592 sections from 45 sources.
[  OK  ] dashboard datasets: regenerated 15 datasets; all self-checks against the run workbook pass
[  OK  ] refresh stamp: wrote refresh.json (ok=True)
--------------------------------------------------------------------------
  6 ok
  elapsed 101.3s · OK
==========================================================================
result: OK

===== 2026-08-29T08:30:02+05:30 (execute) =====
==========================================================================
  OBJ-016 daily refresh — EXECUTE
  2026-08-29T08:30:02+05:30
==========================================================================
[  OK  ] pull pam/ (developer repo): fast-forwarded 6f63b133b -> 67b9607b7; packfiles grew 0.0 MB; tree clean
[  OK  ] fetch automation repo (report only): fetched origin. Dev is 0 ahead / 6 behind origin/Dev. ⛔ Not merged — that is the owner's decision
[  OK  ] drift check: 23 clean · 2 open (2 critical, 0 high). Reported, not auto-fixed
[  OK  ] rag evidence index: wrote 592 sections from 45 sources.
[  OK  ] dashboard datasets: regenerated 15 datasets; all self-checks against the run workbook pass
[  OK  ] refresh stamp: wrote refresh.json (ok=True)
--------------------------------------------------------------------------
  6 ok
  elapsed 68.8s · OK
==========================================================================
result: OK

===== 2026-08-31T09:56:56+05:30 (execute) =====
==========================================================================
  OBJ-016 daily refresh — EXECUTE
  2026-08-31T09:56:56+05:30
==========================================================================
[ SKIP ] git: --skip-git was passed
[  OK  ] drift check: 21 clean · 4 open (2 critical, 2 high). Reported, not auto-fixed
[  OK  ] rag evidence index: wrote 592 sections from 45 sources.
[  OK  ] dashboard datasets: regenerated 15 datasets; all self-checks against the run workbook pass
[  OK  ] refresh stamp: wrote refresh.json (ok=True)
--------------------------------------------------------------------------
  4 ok · 1 skipped
  elapsed 10.6s · OK
==========================================================================
result: OK

===== 2026-08-31T22:36:44+05:30 (execute) =====
==========================================================================
  OBJ-016 daily refresh — EXECUTE
  2026-08-31T22:36:44+05:30
==========================================================================
[  OK  ] pull pam/ (developer repo): already up to date at aed4dd87e; tree clean
[  OK  ] fetch automation repo (report only): fetched origin. Dev is 0 ahead / 0 behind origin/Dev. ⛔ Not merged — that is the owner's decision
[  OK  ] drift check: 21 clean · 4 open (2 critical, 2 high). Reported, not auto-fixed
[  OK  ] rag evidence index: wrote 594 sections from 45 sources.
[  OK  ] dashboard datasets: regenerated 15 datasets; all self-checks against the run workbook pass
[  OK  ] refresh stamp: wrote refresh.json (ok=True)
--------------------------------------------------------------------------
  6 ok
  elapsed 11.1s · OK
==========================================================================
result: OK

===== 2026-09-01T08:30:02+05:30 (execute) =====
==========================================================================
  OBJ-016 daily refresh — EXECUTE
  2026-09-01T08:30:02+05:30
==========================================================================
[  OK  ] pull pam/ (developer repo): fast-forwarded aed4dd87e -> f002808d6; packfiles grew 0.0 MB; tree clean
[  OK  ] fetch automation repo (report only): fetched origin. Dev is 0 ahead / 0 behind origin/Dev. ⛔ Not merged — that is the owner's decision
[  OK  ] drift check: 22 clean · 3 open (2 critical, 1 high). Reported, not auto-fixed
[  OK  ] rag evidence index: wrote 594 sections from 45 sources.
[  OK  ] dashboard datasets: regenerated 15 datasets; all self-checks against the run workbook pass
[  OK  ] refresh stamp: wrote refresh.json (ok=True)
--------------------------------------------------------------------------
  6 ok
  elapsed 13.1s · OK
==========================================================================
result: OK

===== 2026-09-02T08:30:02+05:30 (execute) =====
==========================================================================
  OBJ-016 daily refresh — EXECUTE
  2026-09-02T08:30:02+05:30
==========================================================================
[ SKIP ] pull pam/ (developer repo): working tree is not clean (1 changed) — refusing to pull. pam/ must be left clean; resolve by hand
[  OK  ] fetch automation repo (report only): fetched origin. Dev is 0 ahead / 0 behind origin/Dev. ⛔ Not merged — that is the owner's decision
[  OK  ] drift check: 22 clean · 3 open (2 critical, 1 high). Reported, not auto-fixed
[  OK  ] rag evidence index: wrote 595 sections from 45 sources.
[  OK  ] dashboard datasets: regenerated 15 datasets; all self-checks against the run workbook pass
[  OK  ] refresh stamp: wrote refresh.json (ok=True)
--------------------------------------------------------------------------
  5 ok · 1 skipped
  elapsed 11.5s · OK
==========================================================================
result: OK
